Flow report for 1201_2016
Wed Feb 22 09:47:23 2017
Quartus II 64-Bit Version 13.0.1 Build 232 06/12/2013 Service Pack 1 SJ Web Edition


---------------------
; Table of Contents ;
---------------------
  1. Legal Notice
  2. Flow Summary
  3. Flow Settings
  4. Flow Non-Default Global Settings
  5. Flow Elapsed Time
  6. Flow OS Summary
  7. Flow Log
  8. Flow Messages
  9. Flow Suppressed Messages



----------------
; Legal Notice ;
----------------
Copyright (C) 1991-2013 Altera Corporation
Your use of Altera Corporation's design tools, logic functions 
and other software and tools, and its AMPP partner logic 
functions, and any output files from any of the foregoing 
(including device programming or simulation files), and any 
associated documentation or information are expressly subject 
to the terms and conditions of the Altera Program License 
Subscription Agreement, Altera MegaCore Function License 
Agreement, or other applicable license agreement, including, 
without limitation, that your use is for the sole purpose of 
programming logic devices manufactured by Altera and sold by 
Altera or its authorized distributors.  Please refer to the 
applicable agreement for further details.



+-----------------------------------------------------------------------------+
; Flow Summary                                                                ;
+---------------------------+-------------------------------------------------+
; Flow Status               ; Successful - Wed Feb 22 09:47:23 2017           ;
; Quartus II 64-Bit Version ; 13.0.1 Build 232 06/12/2013 SP 1 SJ Web Edition ;
; Revision Name             ; 1201_2016                                       ;
; Top-level Entity Name     ; 1201_2016                                       ;
; Family                    ; MAX7000S                                        ;
; Device                    ; EPM7256SRI208-10                                ;
; Timing Models             ; Final                                           ;
; Total macrocells          ; 108 / 256 ( 42 % )                              ;
; Total pins                ; 115 / 164 ( 70 % )                              ;
+---------------------------+-------------------------------------------------+


+-----------------------------------------+
; Flow Settings                           ;
+-------------------+---------------------+
; Option            ; Setting             ;
+-------------------+---------------------+
; Start date & time ; 02/22/2017 09:47:00 ;
; Main task         ; Compilation         ;
; Revision Name     ; 1201_2016           ;
+-------------------+---------------------+


+----------------------------------------------------------------------------------------------------------+
; Flow Non-Default Global Settings                                                                         ;
+--------------------------+--------------------------------+---------------+-------------+----------------+
; Assignment Name          ; Value                          ; Default Value ; Entity Name ; Section Id     ;
+--------------------------+--------------------------------+---------------+-------------+----------------+
; COMPILER_SIGNATURE_ID    ; 57327195809123.148774602012116 ; --            ; --          ; --             ;
; EDA_OUTPUT_DATA_FORMAT   ; Verilog Hdl                    ; --            ; --          ; eda_simulation ;
; EDA_SIMULATION_TOOL      ; ModelSim (Verilog)             ; <None>        ; --          ; --             ;
; EDA_TIME_SCALE           ; 1 ps                           ; --            ; --          ; eda_simulation ;
; FITTER_EFFORT            ; Standard Fit                   ; Auto Fit      ; --          ; --             ;
; OPTIMIZE_HOLD_TIMING     ; Off                            ; --            ; --          ; --             ;
; PROJECT_OUTPUT_DIRECTORY ; output_files                   ; --            ; --          ; --             ;
+--------------------------+--------------------------------+---------------+-------------+----------------+


+-------------------------------------------------------------------------------------------------------------------------------+
; Flow Elapsed Time                                                                                                             ;
+---------------------------+--------------+-------------------------+---------------------+------------------------------------+
; Module Name               ; Elapsed Time ; Average Processors Used ; Peak Virtual Memory ; Total CPU Time (on all processors) ;
+---------------------------+--------------+-------------------------+---------------------+------------------------------------+
; Analysis & Synthesis      ; 00:00:10     ; 1.0                     ; 425 MB              ; 00:00:01                           ;
; Fitter                    ; 00:00:02     ; 1.0                     ; 512 MB              ; 00:00:01                           ;
; Assembler                 ; 00:00:01     ; 1.0                     ; 378 MB              ; 00:00:00                           ;
; TimeQuest Timing Analyzer ; 00:00:03     ; 1.0                     ; 398 MB              ; 00:00:01                           ;
; EDA Netlist Writer        ; 00:00:01     ; 1.0                     ; 351 MB              ; 00:00:00                           ;
; Total                     ; 00:00:17     ; --                      ; --                  ; 00:00:03                           ;
+---------------------------+--------------+-------------------------+---------------------+------------------------------------+


+----------------------------------------------------------------------------------------+
; Flow OS Summary                                                                        ;
+---------------------------+------------------+-----------+------------+----------------+
; Module Name               ; Machine Hostname ; OS Name   ; OS Version ; Processor type ;
+---------------------------+------------------+-----------+------------+----------------+
; Analysis & Synthesis      ; andrii           ; Windows 7 ; 6.1        ; x86_64         ;
; Fitter                    ; andrii           ; Windows 7 ; 6.1        ; x86_64         ;
; Assembler                 ; andrii           ; Windows 7 ; 6.1        ; x86_64         ;
; TimeQuest Timing Analyzer ; andrii           ; Windows 7 ; 6.1        ; x86_64         ;
; EDA Netlist Writer        ; andrii           ; Windows 7 ; 6.1        ; x86_64         ;
+---------------------------+------------------+-----------+------------+----------------+


------------
; Flow Log ;
------------
quartus_map --read_settings_files=on --write_settings_files=off 1201_2016 -c 1201_2016
quartus_fit --read_settings_files=off --write_settings_files=off 1201_2016 -c 1201_2016
quartus_asm --read_settings_files=off --write_settings_files=off 1201_2016 -c 1201_2016
quartus_sta 1201_2016 -c 1201_2016
quartus_eda --read_settings_files=off --write_settings_files=off 1201_2016 -c 1201_2016



